{
    "-profile test --step variant_calling --input tests/csv/3.0/recalibrated_somatic_two_normal_one_sample.csv": {
        "content": [
            [
                " Patient [test] has more than one sample [2] with normal status [0] and one sample with tumor status [1].]"
            ]
        ],
        "meta": {
            "nf-test": "0.9.2",
            "nextflow": "25.04.1"
        },
        "timestamp": "2025-05-13T21:38:02.778427213"
    },
    "-profile test --input tests/csv/3.0/sample_with_space.csv": {
        "content": [
            [
                " \u001b[0;31mThe following invalid input values have been detected:",
                " ",
                " \t-> Entry 2: Error for field 'sample' (test 2): \"test 2\" does not match regular expression [^\\S+$] (Sample ID must be provided",
                " cannot contain spaces and must be a string value)",
                " \u001b[0m"
            ]
        ],
        "meta": {
            "nf-test": "0.9.2",
            "nextflow": "25.04.1"
        },
        "timestamp": "2025-05-13T21:39:18.834066513"
    }
}