{
    "-profile test --tools ascat --input recalibrated.csv --only_paired_variant_calling -with-stub": {
        "content": [
            17,
            {
                "ASCAT": {
                    "alleleCounter": "4.3.0",
                    "bioconductor-ascat": "3.2.0"
                }
            },
            [
                "csv",
                "multiqc",
                "multiqc/multiqc_data",
                "multiqc/multiqc_plots",
                "multiqc/multiqc_report.html",
                "pipeline_info",
                "pipeline_info/nf_core_sarek_software_mqc_versions.yml",
                "reference",
                "reports",
                "reports/mosdepth",
                "reports/mosdepth/sample1",
                "reports/mosdepth/sample1/sample1.recal.global.dist.txt",
                "reports/mosdepth/sample1/sample1.recal.per-base.bed.gz",
                "reports/mosdepth/sample1/sample1.recal.per-base.bed.gz.csi",
                "reports/mosdepth/sample1/sample1.recal.per-base.d4",
                "reports/mosdepth/sample1/sample1.recal.quantized.bed.gz",
                "reports/mosdepth/sample1/sample1.recal.quantized.bed.gz.csi",
                "reports/mosdepth/sample1/sample1.recal.region.dist.txt",
                "reports/mosdepth/sample1/sample1.recal.regions.bed.gz",
                "reports/mosdepth/sample1/sample1.recal.regions.bed.gz.csi",
                "reports/mosdepth/sample1/sample1.recal.summary.txt",
                "reports/mosdepth/sample1/sample1.recal.thresholds.bed.gz",
                "reports/mosdepth/sample1/sample1.recal.thresholds.bed.gz.csi",
                "reports/mosdepth/sample2",
                "reports/mosdepth/sample2/sample2.recal.global.dist.txt",
                "reports/mosdepth/sample2/sample2.recal.per-base.bed.gz",
                "reports/mosdepth/sample2/sample2.recal.per-base.bed.gz.csi",
                "reports/mosdepth/sample2/sample2.recal.per-base.d4",
                "reports/mosdepth/sample2/sample2.recal.quantized.bed.gz",
                "reports/mosdepth/sample2/sample2.recal.quantized.bed.gz.csi",
                "reports/mosdepth/sample2/sample2.recal.region.dist.txt",
                "reports/mosdepth/sample2/sample2.recal.regions.bed.gz",
                "reports/mosdepth/sample2/sample2.recal.regions.bed.gz.csi",
                "reports/mosdepth/sample2/sample2.recal.summary.txt",
                "reports/mosdepth/sample2/sample2.recal.thresholds.bed.gz",
                "reports/mosdepth/sample2/sample2.recal.thresholds.bed.gz.csi",
                "reports/mosdepth/sample3",
                "reports/mosdepth/sample3/sample3.recal.global.dist.txt",
                "reports/mosdepth/sample3/sample3.recal.per-base.bed.gz",
                "reports/mosdepth/sample3/sample3.recal.per-base.bed.gz.csi",
                "reports/mosdepth/sample3/sample3.recal.per-base.d4",
                "reports/mosdepth/sample3/sample3.recal.quantized.bed.gz",
                "reports/mosdepth/sample3/sample3.recal.quantized.bed.gz.csi",
                "reports/mosdepth/sample3/sample3.recal.region.dist.txt",
                "reports/mosdepth/sample3/sample3.recal.regions.bed.gz",
                "reports/mosdepth/sample3/sample3.recal.regions.bed.gz.csi",
                "reports/mosdepth/sample3/sample3.recal.summary.txt",
                "reports/mosdepth/sample3/sample3.recal.thresholds.bed.gz",
                "reports/mosdepth/sample3/sample3.recal.thresholds.bed.gz.csi",
                "reports/mosdepth/sample4",
                "reports/mosdepth/sample4/sample4.recal.global.dist.txt",
                "reports/mosdepth/sample4/sample4.recal.per-base.bed.gz",
                "reports/mosdepth/sample4/sample4.recal.per-base.bed.gz.csi",
                "reports/mosdepth/sample4/sample4.recal.per-base.d4",
                "reports/mosdepth/sample4/sample4.recal.quantized.bed.gz",
                "reports/mosdepth/sample4/sample4.recal.quantized.bed.gz.csi",
                "reports/mosdepth/sample4/sample4.recal.region.dist.txt",
                "reports/mosdepth/sample4/sample4.recal.regions.bed.gz",
                "reports/mosdepth/sample4/sample4.recal.regions.bed.gz.csi",
                "reports/mosdepth/sample4/sample4.recal.summary.txt",
                "reports/mosdepth/sample4/sample4.recal.thresholds.bed.gz",
                "reports/mosdepth/sample4/sample4.recal.thresholds.bed.gz.csi",
                "reports/samtools",
                "reports/samtools/sample1",
                "reports/samtools/sample1/sample1.recal.cram.stats",
                "reports/samtools/sample2",
                "reports/samtools/sample2/sample2.recal.cram.stats",
                "reports/samtools/sample3",
                "reports/samtools/sample3/sample3.recal.cram.stats",
                "reports/samtools/sample4",
                "reports/samtools/sample4/sample4.recal.cram.stats",
                "variant_calling",
                "variant_calling/ascat",
                "variant_calling/ascat/sample4_vs_sample3",
                "variant_calling/ascat/sample4_vs_sample3/sample4_vs_sample3.after_correction.gc_rt.test.tumour.germline.png",
                "variant_calling/ascat/sample4_vs_sample3/sample4_vs_sample3.after_correction.gc_rt.test.tumour.tumour.png",
                "variant_calling/ascat/sample4_vs_sample3/sample4_vs_sample3.before_correction.test.tumour.germline.png",
                "variant_calling/ascat/sample4_vs_sample3/sample4_vs_sample3.before_correction.test.tumour.tumour.png",
                "variant_calling/ascat/sample4_vs_sample3/sample4_vs_sample3.cnvs.txt",
                "variant_calling/ascat/sample4_vs_sample3/sample4_vs_sample3.metrics.txt",
                "variant_calling/ascat/sample4_vs_sample3/sample4_vs_sample3.purityploidy.txt",
                "variant_calling/ascat/sample4_vs_sample3/sample4_vs_sample3.segments.txt",
                "variant_calling/ascat/sample4_vs_sample3/sample4_vs_sample3.tumour.ASPCF.png",
                "variant_calling/ascat/sample4_vs_sample3/sample4_vs_sample3.tumour.sunrise.png",
                "variant_calling/ascat/sample4_vs_sample3/sample4_vs_sample3.tumour_normalBAF.txt",
                "variant_calling/ascat/sample4_vs_sample3/sample4_vs_sample3.tumour_normalLogR.txt",
                "variant_calling/ascat/sample4_vs_sample3/sample4_vs_sample3.tumour_tumourBAF.txt",
                "variant_calling/ascat/sample4_vs_sample3/sample4_vs_sample3.tumour_tumourLogR.txt"
            ],
            [
                "sample1.recal.global.dist.txt:md5,d41d8cd98f00b204e9800998ecf8427e",
                "sample1.recal.per-base.bed.gz:md5,68b329da9893e34099c7d8ad5cb9c940",
                "sample1.recal.per-base.bed.gz.csi:md5,d41d8cd98f00b204e9800998ecf8427e",
                "sample1.recal.per-base.d4:md5,d41d8cd98f00b204e9800998ecf8427e",
                "sample1.recal.quantized.bed.gz:md5,68b329da9893e34099c7d8ad5cb9c940",
                "sample1.recal.quantized.bed.gz.csi:md5,d41d8cd98f00b204e9800998ecf8427e",
                "sample1.recal.region.dist.txt:md5,d41d8cd98f00b204e9800998ecf8427e",
                "sample1.recal.regions.bed.gz:md5,68b329da9893e34099c7d8ad5cb9c940",
                "sample1.recal.regions.bed.gz.csi:md5,d41d8cd98f00b204e9800998ecf8427e",
                "sample1.recal.summary.txt:md5,d41d8cd98f00b204e9800998ecf8427e",
                "sample1.recal.thresholds.bed.gz:md5,68b329da9893e34099c7d8ad5cb9c940",
                "sample1.recal.thresholds.bed.gz.csi:md5,d41d8cd98f00b204e9800998ecf8427e",
                "sample2.recal.global.dist.txt:md5,d41d8cd98f00b204e9800998ecf8427e",
                "sample2.recal.per-base.bed.gz:md5,68b329da9893e34099c7d8ad5cb9c940",
                "sample2.recal.per-base.bed.gz.csi:md5,d41d8cd98f00b204e9800998ecf8427e",
                "sample2.recal.per-base.d4:md5,d41d8cd98f00b204e9800998ecf8427e",
                "sample2.recal.quantized.bed.gz:md5,68b329da9893e34099c7d8ad5cb9c940",
                "sample2.recal.quantized.bed.gz.csi:md5,d41d8cd98f00b204e9800998ecf8427e",
                "sample2.recal.region.dist.txt:md5,d41d8cd98f00b204e9800998ecf8427e",
                "sample2.recal.regions.bed.gz:md5,68b329da9893e34099c7d8ad5cb9c940",
                "sample2.recal.regions.bed.gz.csi:md5,d41d8cd98f00b204e9800998ecf8427e",
                "sample2.recal.summary.txt:md5,d41d8cd98f00b204e9800998ecf8427e",
                "sample2.recal.thresholds.bed.gz:md5,68b329da9893e34099c7d8ad5cb9c940",
                "sample2.recal.thresholds.bed.gz.csi:md5,d41d8cd98f00b204e9800998ecf8427e",
                "sample3.recal.global.dist.txt:md5,d41d8cd98f00b204e9800998ecf8427e",
                "sample3.recal.per-base.bed.gz:md5,68b329da9893e34099c7d8ad5cb9c940",
                "sample3.recal.per-base.bed.gz.csi:md5,d41d8cd98f00b204e9800998ecf8427e",
                "sample3.recal.per-base.d4:md5,d41d8cd98f00b204e9800998ecf8427e",
                "sample3.recal.quantized.bed.gz:md5,68b329da9893e34099c7d8ad5cb9c940",
                "sample3.recal.quantized.bed.gz.csi:md5,d41d8cd98f00b204e9800998ecf8427e",
                "sample3.recal.region.dist.txt:md5,d41d8cd98f00b204e9800998ecf8427e",
                "sample3.recal.regions.bed.gz:md5,68b329da9893e34099c7d8ad5cb9c940",
                "sample3.recal.regions.bed.gz.csi:md5,d41d8cd98f00b204e9800998ecf8427e",
                "sample3.recal.summary.txt:md5,d41d8cd98f00b204e9800998ecf8427e",
                "sample3.recal.thresholds.bed.gz:md5,68b329da9893e34099c7d8ad5cb9c940",
                "sample3.recal.thresholds.bed.gz.csi:md5,d41d8cd98f00b204e9800998ecf8427e",
                "sample4.recal.global.dist.txt:md5,d41d8cd98f00b204e9800998ecf8427e",
                "sample4.recal.per-base.bed.gz:md5,68b329da9893e34099c7d8ad5cb9c940",
                "sample4.recal.per-base.bed.gz.csi:md5,d41d8cd98f00b204e9800998ecf8427e",
                "sample4.recal.per-base.d4:md5,d41d8cd98f00b204e9800998ecf8427e",
                "sample4.recal.quantized.bed.gz:md5,68b329da9893e34099c7d8ad5cb9c940",
                "sample4.recal.quantized.bed.gz.csi:md5,d41d8cd98f00b204e9800998ecf8427e",
                "sample4.recal.region.dist.txt:md5,d41d8cd98f00b204e9800998ecf8427e",
                "sample4.recal.regions.bed.gz:md5,68b329da9893e34099c7d8ad5cb9c940",
                "sample4.recal.regions.bed.gz.csi:md5,d41d8cd98f00b204e9800998ecf8427e",
                "sample4.recal.summary.txt:md5,d41d8cd98f00b204e9800998ecf8427e",
                "sample4.recal.thresholds.bed.gz:md5,68b329da9893e34099c7d8ad5cb9c940",
                "sample4.recal.thresholds.bed.gz.csi:md5,d41d8cd98f00b204e9800998ecf8427e",
                "sample4_vs_sample3.after_correction.gc_rt.test.tumour.germline.png:md5,d41d8cd98f00b204e9800998ecf8427e",
                "sample4_vs_sample3.after_correction.gc_rt.test.tumour.tumour.png:md5,d41d8cd98f00b204e9800998ecf8427e",
                "sample4_vs_sample3.before_correction.test.tumour.germline.png:md5,d41d8cd98f00b204e9800998ecf8427e",
                "sample4_vs_sample3.before_correction.test.tumour.tumour.png:md5,d41d8cd98f00b204e9800998ecf8427e",
                "sample4_vs_sample3.cnvs.txt:md5,d41d8cd98f00b204e9800998ecf8427e",
                "sample4_vs_sample3.metrics.txt:md5,d41d8cd98f00b204e9800998ecf8427e",
                "sample4_vs_sample3.purityploidy.txt:md5,d41d8cd98f00b204e9800998ecf8427e",
                "sample4_vs_sample3.segments.txt:md5,d41d8cd98f00b204e9800998ecf8427e",
                "sample4_vs_sample3.tumour.ASPCF.png:md5,d41d8cd98f00b204e9800998ecf8427e",
                "sample4_vs_sample3.tumour.sunrise.png:md5,d41d8cd98f00b204e9800998ecf8427e",
                "sample4_vs_sample3.tumour_normalBAF.txt:md5,d41d8cd98f00b204e9800998ecf8427e",
                "sample4_vs_sample3.tumour_normalLogR.txt:md5,d41d8cd98f00b204e9800998ecf8427e",
                "sample4_vs_sample3.tumour_tumourBAF.txt:md5,d41d8cd98f00b204e9800998ecf8427e",
                "sample4_vs_sample3.tumour_tumourLogR.txt:md5,d41d8cd98f00b204e9800998ecf8427e"
            ],
            "No BAM files",
            "No CRAM files",
            "No VCF files"
        ],
        "meta": {
            "nf-test": "0.9.2",
            "nextflow": "25.04.4"
        },
        "timestamp": "2025-06-17T14:27:44.6196333"
    },
    "-profile test --tools ascat --input recalibrated_somatic.csv -with-stub": {
        "content": [
            13,
            {
                "ASCAT": {
                    "alleleCounter": "4.3.0",
                    "bioconductor-ascat": "3.2.0"
                }
            },
            [
                "csv",
                "multiqc",
                "multiqc/multiqc_data",
                "multiqc/multiqc_plots",
                "multiqc/multiqc_report.html",
                "pipeline_info",
                "pipeline_info/nf_core_sarek_software_mqc_versions.yml",
                "reference",
                "reports",
                "reports/mosdepth",
                "reports/mosdepth/sample3",
                "reports/mosdepth/sample3/sample3.recal.global.dist.txt",
                "reports/mosdepth/sample3/sample3.recal.per-base.bed.gz",
                "reports/mosdepth/sample3/sample3.recal.per-base.bed.gz.csi",
                "reports/mosdepth/sample3/sample3.recal.per-base.d4",
                "reports/mosdepth/sample3/sample3.recal.quantized.bed.gz",
                "reports/mosdepth/sample3/sample3.recal.quantized.bed.gz.csi",
                "reports/mosdepth/sample3/sample3.recal.region.dist.txt",
                "reports/mosdepth/sample3/sample3.recal.regions.bed.gz",
                "reports/mosdepth/sample3/sample3.recal.regions.bed.gz.csi",
                "reports/mosdepth/sample3/sample3.recal.summary.txt",
                "reports/mosdepth/sample3/sample3.recal.thresholds.bed.gz",
                "reports/mosdepth/sample3/sample3.recal.thresholds.bed.gz.csi",
                "reports/mosdepth/sample4",
                "reports/mosdepth/sample4/sample4.recal.global.dist.txt",
                "reports/mosdepth/sample4/sample4.recal.per-base.bed.gz",
                "reports/mosdepth/sample4/sample4.recal.per-base.bed.gz.csi",
                "reports/mosdepth/sample4/sample4.recal.per-base.d4",
                "reports/mosdepth/sample4/sample4.recal.quantized.bed.gz",
                "reports/mosdepth/sample4/sample4.recal.quantized.bed.gz.csi",
                "reports/mosdepth/sample4/sample4.recal.region.dist.txt",
                "reports/mosdepth/sample4/sample4.recal.regions.bed.gz",
                "reports/mosdepth/sample4/sample4.recal.regions.bed.gz.csi",
                "reports/mosdepth/sample4/sample4.recal.summary.txt",
                "reports/mosdepth/sample4/sample4.recal.thresholds.bed.gz",
                "reports/mosdepth/sample4/sample4.recal.thresholds.bed.gz.csi",
                "reports/samtools",
                "reports/samtools/sample3",
                "reports/samtools/sample3/sample3.recal.cram.stats",
                "reports/samtools/sample4",
                "reports/samtools/sample4/sample4.recal.cram.stats",
                "variant_calling",
                "variant_calling/ascat",
                "variant_calling/ascat/sample4_vs_sample3",
                "variant_calling/ascat/sample4_vs_sample3/sample4_vs_sample3.after_correction.gc_rt.test.tumour.germline.png",
                "variant_calling/ascat/sample4_vs_sample3/sample4_vs_sample3.after_correction.gc_rt.test.tumour.tumour.png",
                "variant_calling/ascat/sample4_vs_sample3/sample4_vs_sample3.before_correction.test.tumour.germline.png",
                "variant_calling/ascat/sample4_vs_sample3/sample4_vs_sample3.before_correction.test.tumour.tumour.png",
                "variant_calling/ascat/sample4_vs_sample3/sample4_vs_sample3.cnvs.txt",
                "variant_calling/ascat/sample4_vs_sample3/sample4_vs_sample3.metrics.txt",
                "variant_calling/ascat/sample4_vs_sample3/sample4_vs_sample3.purityploidy.txt",
                "variant_calling/ascat/sample4_vs_sample3/sample4_vs_sample3.segments.txt",
                "variant_calling/ascat/sample4_vs_sample3/sample4_vs_sample3.tumour.ASPCF.png",
                "variant_calling/ascat/sample4_vs_sample3/sample4_vs_sample3.tumour.sunrise.png",
                "variant_calling/ascat/sample4_vs_sample3/sample4_vs_sample3.tumour_normalBAF.txt",
                "variant_calling/ascat/sample4_vs_sample3/sample4_vs_sample3.tumour_normalLogR.txt",
                "variant_calling/ascat/sample4_vs_sample3/sample4_vs_sample3.tumour_tumourBAF.txt",
                "variant_calling/ascat/sample4_vs_sample3/sample4_vs_sample3.tumour_tumourLogR.txt"
            ],
            [
                "sample3.recal.global.dist.txt:md5,d41d8cd98f00b204e9800998ecf8427e",
                "sample3.recal.per-base.bed.gz:md5,68b329da9893e34099c7d8ad5cb9c940",
                "sample3.recal.per-base.bed.gz.csi:md5,d41d8cd98f00b204e9800998ecf8427e",
                "sample3.recal.per-base.d4:md5,d41d8cd98f00b204e9800998ecf8427e",
                "sample3.recal.quantized.bed.gz:md5,68b329da9893e34099c7d8ad5cb9c940",
                "sample3.recal.quantized.bed.gz.csi:md5,d41d8cd98f00b204e9800998ecf8427e",
                "sample3.recal.region.dist.txt:md5,d41d8cd98f00b204e9800998ecf8427e",
                "sample3.recal.regions.bed.gz:md5,68b329da9893e34099c7d8ad5cb9c940",
                "sample3.recal.regions.bed.gz.csi:md5,d41d8cd98f00b204e9800998ecf8427e",
                "sample3.recal.summary.txt:md5,d41d8cd98f00b204e9800998ecf8427e",
                "sample3.recal.thresholds.bed.gz:md5,68b329da9893e34099c7d8ad5cb9c940",
                "sample3.recal.thresholds.bed.gz.csi:md5,d41d8cd98f00b204e9800998ecf8427e",
                "sample4.recal.global.dist.txt:md5,d41d8cd98f00b204e9800998ecf8427e",
                "sample4.recal.per-base.bed.gz:md5,68b329da9893e34099c7d8ad5cb9c940",
                "sample4.recal.per-base.bed.gz.csi:md5,d41d8cd98f00b204e9800998ecf8427e",
                "sample4.recal.per-base.d4:md5,d41d8cd98f00b204e9800998ecf8427e",
                "sample4.recal.quantized.bed.gz:md5,68b329da9893e34099c7d8ad5cb9c940",
                "sample4.recal.quantized.bed.gz.csi:md5,d41d8cd98f00b204e9800998ecf8427e",
                "sample4.recal.region.dist.txt:md5,d41d8cd98f00b204e9800998ecf8427e",
                "sample4.recal.regions.bed.gz:md5,68b329da9893e34099c7d8ad5cb9c940",
                "sample4.recal.regions.bed.gz.csi:md5,d41d8cd98f00b204e9800998ecf8427e",
                "sample4.recal.summary.txt:md5,d41d8cd98f00b204e9800998ecf8427e",
                "sample4.recal.thresholds.bed.gz:md5,68b329da9893e34099c7d8ad5cb9c940",
                "sample4.recal.thresholds.bed.gz.csi:md5,d41d8cd98f00b204e9800998ecf8427e",
                "sample4_vs_sample3.after_correction.gc_rt.test.tumour.germline.png:md5,d41d8cd98f00b204e9800998ecf8427e",
                "sample4_vs_sample3.after_correction.gc_rt.test.tumour.tumour.png:md5,d41d8cd98f00b204e9800998ecf8427e",
                "sample4_vs_sample3.before_correction.test.tumour.germline.png:md5,d41d8cd98f00b204e9800998ecf8427e",
                "sample4_vs_sample3.before_correction.test.tumour.tumour.png:md5,d41d8cd98f00b204e9800998ecf8427e",
                "sample4_vs_sample3.cnvs.txt:md5,d41d8cd98f00b204e9800998ecf8427e",
                "sample4_vs_sample3.metrics.txt:md5,d41d8cd98f00b204e9800998ecf8427e",
                "sample4_vs_sample3.purityploidy.txt:md5,d41d8cd98f00b204e9800998ecf8427e",
                "sample4_vs_sample3.segments.txt:md5,d41d8cd98f00b204e9800998ecf8427e",
                "sample4_vs_sample3.tumour.ASPCF.png:md5,d41d8cd98f00b204e9800998ecf8427e",
                "sample4_vs_sample3.tumour.sunrise.png:md5,d41d8cd98f00b204e9800998ecf8427e",
                "sample4_vs_sample3.tumour_normalBAF.txt:md5,d41d8cd98f00b204e9800998ecf8427e",
                "sample4_vs_sample3.tumour_normalLogR.txt:md5,d41d8cd98f00b204e9800998ecf8427e",
                "sample4_vs_sample3.tumour_tumourBAF.txt:md5,d41d8cd98f00b204e9800998ecf8427e",
                "sample4_vs_sample3.tumour_tumourLogR.txt:md5,d41d8cd98f00b204e9800998ecf8427e"
            ],
            "No BAM files",
            "No CRAM files",
            "No VCF files"
        ],
        "meta": {
            "nf-test": "0.9.2",
            "nextflow": "25.04.4"
        },
        "timestamp": "2025-06-17T14:24:49.360757857"
    }
}